[Model] variant=review1_bugfix
[Stage1] 使用外部 ERT：outputs_mapping_pipeline/review1_bugfix/edp_evaluation/a100_like__Qwen3-32B_128k/_common/timeloop-model.ERT.yaml
[Stage2] 解析 problem/arch/ERT …
[Stage2] L0 = {'x': 131072, 'y': 8192, 'z': 5120}, C1=37748736, C3=128, N_PE=65536 (meshX=256, meshY=256)
[Stage2] DeviceParams: DDR_r=31.2, DDR_w=31.2, SRAM_r=7.457375, SRAM_w=7.0744375, RF_r=0.0657375, RF_w=0.057146, MACC=0.107093
[Stage3] 构建并求解 MILP 映射模型 …
Restricted license - for non-production use only - expires 2027-11-29
Set parameter NonConvex to value 2
Set parameter OutputFlag to value 1
Set parameter NonConvex to value 2
Set parameter IntegralityFocus to value 1
Set parameter IntFeasTol to value 1e-09
Set parameter FeasibilityTol to value 1e-09
Set parameter MIPGap to value 0
Gurobi Optimizer version 13.0.0 build v13.0.0rc1 (linux64 - "Ubuntu 22.04.5 LTS")

CPU model: Intel(R) Xeon(R) Platinum 8358 CPU @ 2.60GHz, instruction set [SSE2|AVX|AVX2|AVX512]
Thread count: 64 physical cores, 128 logical processors, using up to 32 threads

Non-default parameters:
FeasibilityTol  1e-09
IntFeasTol  1e-09
MIPGap  0
IntegralityFocus  1
NonConvex  2

Optimize a model with 193 rows, 143 columns and 485 nonzeros (Min)
Model fingerprint: 0x825ff81b
Model has 27 linear objective coefficients and an objective constant of 0.107093
Model has 44 quadratic constraints
Model has 26 simple general constraints
  26 INDICATOR
Variable types: 67 continuous, 76 integer (47 binary)
Coefficient statistics:
  Matrix range     [8e-03, 1e+03]
  QMatrix range    [2e-04, 1e+03]
  QLMatrix range   [1e+00, 1e+03]
  Objective range  [6e-02, 4e+01]
  Bounds range     [8e-06, 1e+05]
  RHS range        [1e+00, 6e+03]
  QRHS range       [1e+00, 1e+05]
  GenCon rhs range [1e+00, 2e+00]
  GenCon coe range [1e+00, 1e+00]
Presolve removed 25 rows and 6 columns
Presolve time: 0.01s
Presolved: 344 rows, 138 columns, 889 nonzeros
Presolved model has 44 bilinear constraint(s)

Solving non-convex MIQCP to global optimality

Variable types: 66 continuous, 72 integer (45 binary)

Root relaxation: objective 1.152781e-01, 77 iterations, 0.00 seconds (0.00 work units)

    Nodes    |    Current Node    |     Objective Bounds      |     Work
 Expl Unexpl |  Obj  Depth IntInf | Incumbent    BestBd   Gap | It/Node Time

     0     0    0.11528    0   59          -    0.11528      -     -    0s
H    0     0                      16.6352029    0.11528  99.3%     -    0s
H    0     0                      16.6011599    0.11528  99.3%     -    0s
     0     0    0.11528    0   64   16.60116    0.11528  99.3%     -    0s
     0     0    0.11528    0   59   16.60116    0.11528  99.3%     -    0s
     0     0    0.11528    0   59   16.60116    0.11528  99.3%     -    0s
H    0     0                       9.3428709    0.11528  98.8%     -    0s
H    0     0                       4.1330870    0.11528  97.2%     -    0s
     0     0    0.11528    0   59    4.13309    0.11528  97.2%     -    0s
H    0     0                       4.0955234    0.11528  97.2%     -    0s
     0     0    0.11528    0   58    4.09552    0.11528  97.2%     -    0s
     0     0    0.11528    0   58    4.09552    0.11528  97.2%     -    0s
     0     0    0.11528    0   58    4.09552    0.11528  97.2%     -    0s
H    0     0                       1.1822641    0.11528  90.2%     -    0s
     0     0    0.11528    0   59    1.18226    0.11528  90.2%     -    0s
     0     0    0.11528    0   59    1.18226    0.11528  90.2%     -    0s
     0     0    0.11528    0   51    1.18226    0.11528  90.2%     -    0s
H    0     0                       1.1640025    0.11528  90.1%     -    0s
     0     2    0.11528    0   51    1.16400    0.11528  90.1%     -    0s
H   44    61                       0.7189898    0.12581  82.5%  18.0    0s
H   52    61                       0.4777067    0.12581  73.7%  20.3    0s
H   95   233                       0.4738841    0.12581  73.5%  22.9    0s
H   95   233                       0.4686543    0.12581  73.2%  22.9    0s
H  100   233                       0.3712258    0.12581  66.1%  22.1    0s
H  150   233                       0.3119764    0.12581  59.7%  19.5    0s
H  415   343                       0.3084286    0.12581  59.2%  13.4    0s
H  420   343                       0.3073042    0.12581  59.1%  13.3    0s
*  510   343               8       0.3058665    0.12581  58.9%  12.0    0s
H  901   649                       0.2792141    0.12581  54.9%   8.2    0s
H  919   649                       0.2764142    0.12713  54.0%   8.1    0s
H  961   649                       0.2756663    0.12713  53.9%   7.9    0s
H 2075   979                       0.2712861    0.15141  44.2%   6.1    0s
* 4708  1431              27       0.2697221    0.19499  27.7%   5.5    0s
* 5450  1348              24       0.2680332    0.19499  27.3%   5.5    0s

Cutting planes:
  Learned: 4
  Gomory: 3
  Implied bound: 35
  MIR: 3
  RLT: 12

Explored 10055 nodes (56382 simplex iterations) in 0.41 seconds (0.18 work units)
Thread count was 32 (of 128 available processors)

Solution count 10: 0.268033 0.269722 0.271286 ... 0.311976

Optimal solution found (tolerance 0.00e+00)
Best objective 2.680331589775e-01, best bound 2.680331589775e-01, gap 0.0000%
[MILP] status=2, Total Normalized Energy=0.268163 (Dynamic=0.268033 + Leak=0.000130)
[MILP] alpha_0-1 = x, alpha_1-2 = x
[MILP] B1: {'x': 1, 'y': 0, 'z': 1}
[MILP] B3: {'x': 1, 'y': 1, 'z': 0}
[MILP] x: L1=4096, L2=1, L3=1 | k0=32, k1=4096, k2=1, k3=1
[MILP] y: L1=4096, L2=4096, L3=64 | k0=2, k1=1, k2=64, k3=64
[MILP] z: L1=5120, L2=1024, L3=1 | k0=1, k1=5, k2=1024, k3=1
[Stage3] _solve_full_model() 耗时: 0.489294 s（已写入 outputs_mapping_pipeline/review1_bugfix/edp_evaluation/a100_like__Qwen3-32B_128k/transformer_block/01_attn_q_proj/stage3_timing.json）
[Stage3] 提取到的数据流参数：
  hatL_01 = {'x': 32, 'y': 2, 'z': 1}
  hatL_12 = {'x': 4096, 'y': 1, 'z': 5}
  hatL_23 = {'x': 1, 'y': 64, 'z': 1024}
  hatL_34 = {'x': 1, 'y': 64, 'z': 1}
  alpha01 = x  alpha12 = x
  B1 = {'x': 1, 'y': 0, 'z': 1}
  B3 = {'x': 1, 'y': 1, 'z': 0}
[Stage3] 使用自研 normalized_energy_model 做能量校验 …
[PythonEnergy] phi (含 leak) = 0.268163, parts = {'E_src1': 0.00638576078414917, 'E_src3': 0.010344693603515625, 'E_src4': 0.14420970458984375, 'E4': 0.107093, 'Eleak': 0.00013010225795898438}
[Stage4] 生成 Timeloop mapping.yaml（不改动 problem.yaml） …
[Stage4] 沿用已有 problem.yaml：outputs_mapping_pipeline/review1_bugfix/edp_evaluation/a100_like__Qwen3-32B_128k/_inputs/problem.yaml
[Stage4] mapping.yaml 已更新：outputs_mapping_pipeline/review1_bugfix/edp_evaluation/a100_like__Qwen3-32B_128k/_inputs/mapping.yaml
[Stage5] 调用 timeloop-model 做最终评估 …
input file: /home/ywl/accelergy-timeloop-infrastructure/timeloop-accelergy-exercises/workspace/my_designs/my_paper/outputs_mapping_pipeline/review1_bugfix/edp_evaluation/a100_like__Qwen3-32B_128k/transformer_block/01_attn_q_proj/parsed-processed-input.yaml
execute:/opt/conda/envs/accelergy-tl-py312/bin/accelergy /home/ywl/accelergy-timeloop-infrastructure/timeloop-accelergy-exercises/workspace/my_designs/my_paper/outputs_mapping_pipeline/review1_bugfix/edp_evaluation/a100_like__Qwen3-32B_128k/transformer_block/01_attn_q_proj/parsed-processed-input.yaml --oprefix timeloop-model. -o ./ > timeloop-model.accelergy.log 2>&1
Start Parsering Layout
No Layout specified, so using bandwidth based modeling
Utilization = 1.00 | pJ/Compute =    0.268 | Cycles = 83886080
[Timeloop] pJ/compute = 0.268160
[Timeloop] cycles = 83886080, computes = 5497558138880, util = 100.0000
[Done] 映射求解与评估流程完成。
